This file was Sanitised at 10/07/17 4:07:50 PM.
==

T BULK	17-07-07 22:19:31.284	Bulk Inserter closed: stored 4 records into AMDInterfaceStats88 in 00:00.016, buffering time 00:00.000 ms; omitted records 0; transaction part 0_0; temp file copy time 00:00.000
T BULK	17-07-07 22:19:31.284	Bulk Inserter closed: stored 52 records into AMDCPUStats88 in 00:00.000, buffering time 00:00.000 ms; omitted records 0; transaction part 0_0; temp file copy time 00:00.000
T BULK	17-07-07 22:19:31.300	Bulk Inserter closed: stored 8 records into AMDDiskStats88 in 00:00.000, buffering time 00:00.000 ms; omitted records 0; transaction part 0_0; temp file copy time 00:00.016
T BULK	17-07-07 22:19:31.315	Bulk Inserter closed: stored 526 records into AMDThreadStats88 in 00:00.015, buffering time 00:00.001 ms; omitted records 0; transaction part 0_0; temp file copy time 00:00.000
T BULK	17-07-07 22:19:31.346	Bulk Inserter closed: stored 20 records into AMDProcessStats88 in 00:00.015, buffering time 00:00.000 ms; omitted records 0; transaction part 0_0; temp file copy time 00:00.000
T BULK	17-07-07 22:19:31.346	Bulk Inserter closed: stored 4 records into AMDDriverStats88 in 00:00.000, buffering time 00:00.000 ms; omitted records 0; transaction part 0_0; temp file copy time 00:00.000
T BULK	17-07-07 22:19:31.362	Bulk Inserter closed: stored 176 records into AMDAnalyserStats88 in 00:00.000, buffering time 00:00.001 ms; omitted records 0; transaction part 0_0; temp file copy time 00:00.016
T BULK	17-07-07 22:19:31.424	Bulk Inserter closed: stored 1,447 records into AMDSSLStats88 in 00:00.046, buffering time 00:00.017 ms; omitted records 0; transaction part 0_0; temp file copy time 00:00.000
T BULK	17-07-07 22:19:31.440	Bulk Inserter closed: stored 240 records into AMDVolumeStats88 in 00:00.000, buffering time 00:00.000 ms; omitted records 0; transaction part 0_0; temp file copy time 00:00.016
T BULK	17-07-07 22:20:36.976	Bulk Inserter closed: stored 4 records into AMDGlobalStats88 in 00:00.000, buffering time 00:00.000 ms; omitted records 0; transaction part 0_0; temp file copy time 00:00.000
T BULK	17-07-07 22:20:36.992	Bulk Inserter closed: stored 4 records into AMDInterfaceStats88 in 00:00.000, buffering time 00:00.000 ms; omitted records 0; transaction part 0_0; temp file copy time 00:00.000
T BULK	17-07-07 22:20:37.007	Bulk Inserter closed: stored 52 records into AMDCPUStats88 in 00:00.015, buffering time 00:00.000 ms; omitted records 0; transaction part 0_0; temp file copy time 00:00.000
T BULK	17-07-07 22:20:37.023	Bulk Inserter closed: stored 8 records into AMDDiskStats88 in 00:00.016, buffering time 00:00.000 ms; omitted records 0; transaction part 0_0; temp file copy time 00:00.000
T BULK	17-07-07 22:20:37.038	Bulk Inserter closed: stored 526 records into AMDThreadStats88 in 00:00.015, buffering time 00:00.001 ms; omitted records 0; transaction part 0_0; temp file copy time 00:00.000
T BULK	17-07-07 22:20:37.070	Bulk Inserter closed: stored 20 records into AMDProcessStats88 in 00:00.016, buffering time 00:00.000 ms; omitted records 0; transaction part 0_0; temp file copy time 00:00.000
T BULK	17-07-07 22:20:37.070	Bulk Inserter closed: stored 4 records into AMDDriverStats88 in 00:00.000, buffering time 00:00.000 ms; omitted records 0; transaction part 0_0; temp file copy time 00:00.000
T BULK	17-07-07 22:20:37.101	Bulk Inserter closed: stored 176 records into AMDAnalyserStats88 in 00:00.016, buffering time 00:00.000 ms; omitted records 0; transaction part 0_0; temp file copy time 00:00.015
E BULK	17-07-07 22:20:37.101	Failed to close buffer AMDSSLStats88_0_0:\\Hostname2\bulkadmin$\AMDSSLStats88_0_0_606881.txt 
W BULK	17-07-07 22:20:37.101	Closing buffer on non-existing file name \\Hostname2\bulkadmin$\AMDSSLStats88_0_0_606881.txt
W BULK	17-07-07 22:20:37.101	Closing buffer on non-existing file name \\Hostname2\bulkadmin$\AMDSSLStats88_0_0_606881.txt
T BULK	17-07-07 22:20:37.116	Bulk Inserter closed: stored 240 records into AMDVolumeStats88 in 00:00.015, buffering time 00:00.000 ms; omitted records 0; transaction part 0_0; temp file copy time 00:00.000
E BULK	17-07-07 22:20:43.778	Failed to close buffer RtmUsageStats88_0_0:\\Hostname2\bulkadmin$\RtmUsageStats88_0_0_606907.txt 
W BULK	17-07-07 22:20:43.778	Closing buffer on non-existing file name \\Hostname2\bulkadmin$\RtmUsageStats88_0_0_606907.txt
W BULK	17-07-07 22:20:43.778	Closing buffer on non-existing file name \\Hostname2\bulkadmin$\RtmUsageStats88_0_0_606907.txt
T BULK	17-07-07 22:20:43.809	Bulk Inserter closed: stored 2 records into RtmSession in 00:00.000, buffering time 00:00.000 ms; omitted records 0; transaction part 0_0; temp file copy time 00:00.000
E BULK	17-07-07 22:20:43.840	Failed to close buffer RtmSvrStats88_0_0:\\Hostname2\bulkadmin$\RtmSvrStats88_0_0_606909.txt 
E BULK	17-07-07 22:20:43.840	Failed to close buffer RtmNetStats88_0_0:\\Hostname2\bulkadmin$\RtmNetStats88_0_0_606911.txt 
W BULK	17-07-07 22:20:43.840	Closing buffer on non-existing file name \\Hostname2\bulkadmin$\RtmNetStats88_0_0_606911.txt
W BULK	17-07-07 22:20:43.840	Closing buffer on non-existing file name \\Hostname2\bulkadmin$\RtmNetStats88_0_0_606911.txt
W BULK	17-07-07 22:20:43.856	Closing buffer on non-existing file name \\Hostname2\bulkadmin$\RtmSvrStats88_0_0_606909.txt
W BULK	17-07-07 22:20:43.871	Closing buffer on non-existing file name \\Hostname2\bulkadmin$\RtmSvrStats88_0_0_606909.txt
E BULK	17-07-07 22:20:43.871	Failed to close buffer RtmNetAggrStats88_0_0:\\Hostname2\bulkadmin$\RtmNetAggrStats88_0_0_606917.txt 
E BULK	17-07-07 22:20:43.871	Failed to close buffer RtmSvrAggrStats88_0_0:\\Hostname2\bulkadmin$\RtmSvrAggrStats88_0_0_606915.txt 
W BULK	17-07-07 22:20:43.871	Closing buffer on non-existing file name \\Hostname2\bulkadmin$\RtmNetAggrStats88_0_0_606917.txt
W BULK	17-07-07 22:20:43.871	Closing buffer on non-existing file name \\Hostname2\bulkadmin$\RtmNetAggrStats88_0_0_606917.txt
W BULK	17-07-07 22:20:43.871	Closing buffer on non-existing file name \\Hostname2\bulkadmin$\RtmSvrAggrStats88_0_0_606915.txt
E BULK	17-07-07 22:20:43.871	Failed to close buffer RtmSvrGroupStats_0_0:\\Hostname2\bulkadmin$\RtmSvrGroupStats_0_0_606901.txt 
W BULK	17-07-07 22:20:43.871	Closing buffer on non-existing file name \\Hostname2\bulkadmin$\RtmSvrAggrStats88_0_0_606915.txt
W BULK	17-07-07 22:20:43.871	Closing buffer on non-existing file name \\Hostname2\bulkadmin$\RtmSvrGroupStats_0_0_606901.txt
W BULK	17-07-07 22:20:43.871	Closing buffer on non-existing file name \\Hostname2\bulkadmin$\RtmSvrGroupStats_0_0_606901.txt
T BULK	17-07-07 22:23:39.733	Bulk Inserter closed: stored 4 records into AMDInterfaceStats88 in 00:00.000, buffering time 00:00.000 ms; omitted records 0; transaction part 0_0; temp file copy time 00:00.015
T BULK	17-07-07 22:23:39.749	Bulk Inserter closed: stored 52 records into AMDCPUStats88 in 00:00.016, buffering time 00:00.000 ms; omitted records 0; transaction part 0_0; temp file copy time 00:00.000
T BULK	17-07-07 22:23:39.764	Bulk Inserter closed: stored 8 records into AMDDiskStats88 in 00:00.000, buffering time 00:00.000 ms; omitted records 0; transaction part 0_0; temp file copy time 00:00.000
T BULK	17-07-07 22:23:39.780	Bulk Inserter closed: stored 526 records into AMDThreadStats88 in 00:00.016, buffering time 00:00.001 ms; omitted records 0; transaction part 0_0; temp file copy time 00:00.000
T BULK	17-07-07 23:09:28.529	Bulk Inserter closed: stored 20 records into AMDProcessStats88 in 00:00.000, buffering time 00:00.000 ms; omitted records 0; transaction part 0_0; temp file copy time 00:00.000
T BULK	17-07-07 23:09:28.545	Bulk Inserter closed: stored 4 records into AMDDriverStats88 in 00:00.016, buffering time 00:00.000 ms; omitted records 0; transaction part 0_0; temp file copy time 00:00.000
T BULK	17-07-07 23:09:28.561	Bulk Inserter closed: stored 176 records into AMDAnalyserStats88 in 00:00.016, buffering time 00:00.000 ms; omitted records 0; transaction part 0_0; temp file copy time 00:00.000
T BULK	17-07-07 23:09:28.623	Bulk Inserter closed: stored 1,461 records into AMDSSLStats88 in 00:00.062, buffering time 00:00.022 ms; omitted records 0; transaction part 0_0; temp file copy time 00:00.000
T BULK	17-07-07 23:09:28.639	Bulk Inserter closed: stored 240 records into AMDVolumeStats88 in 00:00.016, buffering time 00:00.000 ms; omitted records 0; transaction part 0_0; temp file copy time 00:00.000
E BULK	17-07-07 23:10:15.829	Failed to close buffer WebServerLog29_0_0:\\Hostname2\bulkadmin$\WebServerLog29_0_0_615965.txt 
E BULK	17-07-07 23:10:16.219	Failed to close buffer DmiQueryPerformance29_0_0:\\Hostname2\bulkadmin$\DmiQueryPerformance29_0_0_615967.txt 
1 RCV	17-01-29 13:24:03.583	SampleReceiverAndProcess Receiver: sample amddata_588decb4_1_t found on probe Probe{id=58, uuid='4c1fafe7-f786-4b37-9884-443bf31c7a15', addr=Address1, port=443, user='compuware', type=0, secAddr=0.0.0.0, secPort=0, secUser='', secAddrType=0, mainProbe=false, state=33, confStatus=0, alias='null', aliasCode=0, hostId=0, licenseTime=0, description='null', version=12420024, timeDiff=263, params='rtm', samplingRate=0, samplingRateTime=0, dtKey='null', localAlias='Address1:443'}
1 RCV	17-01-29 13:24:03.583	SampleReceiverAndProcess Receiver waits for sample amddata_588decb4_1_t on probe Probe{id=44, uuid='8ff4e9f1-8759-43a1-9408-3cd39a49cb6d', addr=Address2, port=443, user='compuware', type=0, secAddr=0.0.0.0, secPort=0, secUser='', secAddrType=0, mainProbe=false, state=33, confStatus=0, alias='null', aliasCode=0, hostId=0, licenseTime=0, description='null', version=12420024, timeDiff=290, params='rtm', samplingRate=0, samplingRateTime=0, dtKey='null', localAlias='Address2:443'}. Wait time: 1 min i.e. till 17-01-29 08:25:03 local time
1 RCV	17-01-29 13:24:04.222	SampleReceiverAndProcess Receiver: sample amddata_588decb4_1_t found on probe Probe{id=44, uuid='8ff4e9f1-8759-43a1-9408-3cd39a49cb6d', addr=Address2, port=443, user='compuware', type=0, secAddr=0.0.0.0, secPort=0, secUser='', secAddrType=0, mainProbe=false, state=33, confStatus=0, alias='null', aliasCode=0, hostId=0, licenseTime=0, description='null', version=12420024, timeDiff=290, params='rtm', samplingRate=0, samplingRateTime=0, dtKey='null', localAlias='Address2:443'}
1 RCV	17-01-29 13:24:04.222	SampleReceiverAndProcess Receiver waits for sample amddata_588decb4_1_t on probe Probe{id=47, uuid='668b8526-a2f9-40b4-94ac-2bd05d91534c', addr=Address3, port=443, user='compuware', type=0, secAddr=0.0.0.0, secPort=0, secUser='', secAddrType=0, mainProbe=false, state=33, confStatus=0, alias='null', aliasCode=0, hostId=0, licenseTime=0, description='null', version=12420024, timeDiff=283, params='rtm', samplingRate=0, samplingRateTime=0, dtKey='null', localAlias='Address3:443'}. Wait time: 1 min i.e. till 17-01-29 08:25:04 local time
1 RCV	17-01-29 13:24:04.893	SampleReceiverAndProcess Receiver: sample amddata_588decb4_1_t found on probe Probe{id=47, uuid='668b8526-a2f9-40b4-94ac-2bd05d91534c', addr=Address3, port=443, user='compuware', type=0, secAddr=0.0.0.0, secPort=0, secUser='', secAddrType=0, mainProbe=false, state=33, confStatus=0, alias='null', aliasCode=0, hostId=0, licenseTime=0, description='null', version=12420024, timeDiff=283, params='rtm', samplingRate=0, samplingRateTime=0, dtKey='null', localAlias='Address3:443'}
1 RCV	17-01-29 13:24:04.893	SampleReceiverAndProcess Receiver waits for sample amddata_588decb4_1_t on probe Probe{id=59, uuid='6ce31ae6-d4f8-4fbf-a907-08571a985c40', addr=Address4, port=443, user='compuware', type=0, secAddr=0.0.0.0, secPort=0, secUser='', secAddrType=0, mainProbe=false, state=33, confStatus=0, alias='null', aliasCode=0, hostId=0, licenseTime=0, description='null', version=12420024, timeDiff=280, params='rtm', samplingRate=0, samplingRateTime=0, dtKey='null', localAlias='Address4:443'}. Wait time: 1 min i.e. till 17-01-29 08:25:04 local time
1 RCV	17-01-29 13:24:05.080	SampleReceiverAndProcess Receiver: sample amddata_588decb4_1_t found on probe Probe{id=59, uuid='6ce31ae6-d4f8-4fbf-a907-08571a985c40', addr=Address4, port=443, user='compuware', type=0, secAddr=0.0.0.0, secPort=0, secUser='', secAddrType=0, mainProbe=false, state=33, confStatus=0, alias='null', aliasCode=0, hostId=0, licenseTime=0, description='null', version=12420024, timeDiff=280, params='rtm', samplingRate=0, samplingRateTime=0, dtKey='null', localAlias='Address4:443'}
1 RCV	17-01-29 13:24:05.096	SampleReceiverAndProcess Receiver waits for sample amddata_588decb4_1_t on probe Probe{id=56, uuid='f25e6cd0-66cb-476b-be79-d7f94b1dcd1b', addr=Address5, port=443, user='compuware', type=0, secAddr=0.0.0.0, secPort=0, secUser='', secAddrType=0, mainProbe=false, state=33, confStatus=0, alias='null', aliasCode=0, hostId=8750078972232569014, licenseTime=1485523927000, description='null', version=12420024, timeDiff=282, params='rtm', samplingRate=0, samplingRateTime=0, dtKey='null', localAlias='Address5:443'}. Wait time: 1 min i.e. till 17-01-29 08:25:05 local time
1 RCV	17-01-29 13:24:05.408	SampleReceiverAndProcess Receiver: sample amddata_588decb4_1_t found on probe Probe{id=56, uuid='f25e6cd0-66cb-476b-be79-d7f94b1dcd1b', addr=Address5, port=443, user='compuware', type=0, secAddr=0.0.0.0, secPort=0, secUser='', secAddrType=0, mainProbe=false, state=33, confStatus=0, alias='null', aliasCode=0, hostId=8750078972232569014, licenseTime=1485523927000, description='null', version=12420024, timeDiff=282, params='rtm', samplingRate=0, samplingRateTime=0, dtKey='null', localAlias='Address5:443'}
1 RCV	17-01-29 13:24:05.408	SampleReceiverAndProcess Receiver waits for sample amddata_588decb4_1_t on probe Probe{id=48, uuid='aaa6d985-d812-4697-88db-20f7e6d33fcd', addr=Address6, port=443, user='compuware', type=0, secAddr=0.0.0.0, secPort=0, secUser='', secAddrType=0, mainProbe=false, state=33, confStatus=0, alias='null', aliasCode=0, hostId=0, licenseTime=0, description='null', version=12420024, timeDiff=279, params='rtm', samplingRate=0, samplingRateTime=0, dtKey='null', localAlias='Address6:443'}. Wait time: 1 min i.e. till 17-01-29 08:25:05 local time
1 RCV	17-01-29 13:24:06.016	SampleReceiverAndProcess Receiver: sample amddata_588decb4_1_t found on probe Probe{id=48, uuid='aaa6d985-d812-4697-88db-20f7e6d33fcd', addr=Address6, port=443, user='compuware', type=0, secAddr=0.0.0.0, secPort=0, secUser='', secAddrType=0, mainProbe=false, state=33, confStatus=0, alias='null', aliasCode=0, hostId=0, licenseTime=0, description='null', version=12420024, timeDiff=279, params='rtm', samplingRate=0, samplingRateTime=0, dtKey='null', localAlias='Address6:443'}
3 RCV	17-01-29 13:24:06.391	SampleReceiverAndProcess Procesor status: true
3 RCV	17-01-29 13:24:06.391	SampleReceiverAndProcess Procesor status: true
3 RCV	17-01-29 13:24:06.391	SampleReceiverAndProcess Procesor status: true
T SYNCH	17-06-26 19:42:55.611	Publishing sample processing finished. Sample bTime: 2017-06-26 15:35 (1498505700000); eTime: 2017-06-26 15:40 (1498506000000).
T SYNCH	17-06-26 19:42:55.627	Received update event (member Address10, uuid:c1c465ff-1501-4e52-85b9-e28842af535c, ts:17-06-26 15:40 (1498506000000))
T SYNCH	17-06-26 19:42:55.627	Node Address11(Address7:80) last processed sample time 2017-06-26 15:35 (1498505700000) older than event time 2017-06-26 15:40 (1498506000000)
T SYNCH	17-06-26 19:42:55.627	A node has finished sample processing but observers will not be notified.isActive:true, alreadyRaised:false, clusterProcessedSample:false
T SYNCH	17-06-26 19:43:16.048	Received update event (member Address11, uuid:8112619b-9d58-4b76-8868-42b7dc963000, ts:17-06-26 15:40 (1498506000000))
T SYNCH	17-06-26 19:43:16.048	Node Address12(Address8:80) last processed sample time 2017-06-26 15:35 (1498505700000) older than event time 2017-06-26 15:40 (1498506000000)
T SYNCH	17-06-26 19:43:16.048	A node has finished sample processing but observers will not be notified.isActive:true, alreadyRaised:false, clusterProcessedSample:false
T SYNCH	17-06-26 19:43:23.442	Received update event (member Address12, uuid:bc7a1ce6-cc11-4bb7-9143-e2fa74bf1100, ts:17-06-26 15:40 (1498506000000))
T SYNCH	17-06-26 19:43:23.442	Finished sample processing. Notifying observers. Sample bTime: 2017-06-26 15:35 (1498505700000); Sample eTime: 2017-06-26 15:40 (1498506000000).
T SYNCH	17-06-26 19:46:58.074	Received update event (member Address13, uuid:e4a09314-2416-4c57-bb6c-795772c8b704, ts:17-06-26 15:45 (1498506300000))
T SYNCH	17-06-26 19:46:58.074	Node Address11(Address7:80) last processed sample time 2017-06-26 15:40 (1498506000000) older than event time 2017-06-26 15:45 (1498506300000)
T SYNCH	17-06-26 19:46:58.074	A node has finished sample processing but observers will not be notified.isActive:false, alreadyRaised:false, clusterProcessedSample:false
T SYNCH	17-06-26 19:47:10.402	Received update event (member Address14, uuid:7a5901f7-afcf-4c7e-a3b4-81aef47d878b, ts:17-06-26 15:45 (1498506300000))
T SYNCH	17-06-26 19:47:10.402	Node Address11(Address7:80) last processed sample time 2017-06-26 15:40 (1498506000000) older than event time 2017-06-26 15:45 (1498506300000)
T SYNCH	17-06-26 19:47:10.402	A node has finished sample processing but observers will not be notified.isActive:true, alreadyRaised:false, clusterProcessedSample:false
T SYNCH	17-06-26 19:47:48.483	Publishing sample processing finished. Sample bTime: 2017-06-26 15:40 (1498506000000); eTime: 2017-06-26 15:45 (1498506300000).
T SYNCH	17-06-26 19:47:48.483	Received update event (member Address10, uuid:c1c465ff-1501-4e52-85b9-e28842af535c, ts:17-06-26 15:45 (1498506300000))
T SYNCH	17-06-26 19:47:48.498	Node Address11(Address7:80) last processed sample time 2017-06-26 15:40 (1498506000000) older than event time 2017-06-26 15:45 (1498506300000)
T SYNCH	17-06-26 19:47:48.498	A node has finished sample processing but observers will not be notified.isActive:true, alreadyRaised:false, clusterProcessedSample:false
T SYNCH	17-06-26 19:48:08.654	Received update event (member Address11, uuid:8112619b-9d58-4b76-8868-42b7dc963000, ts:17-06-26 15:45 (1498506300000))
T SYNCH	17-06-26 19:48:08.654	Node Address12(Address8:80) last processed sample time 2017-06-26 15:40 (1498506000000) older than event time 2017-06-26 15:45 (1498506300000)
T SYNCH	17-06-26 19:48:08.654	A node has finished sample processing but observers will not be notified.isActive:true, alreadyRaised:false, clusterProcessedSample:false
T SYNCH	17-06-26 19:48:16.985	Received update event (member Address12, uuid:bc7a1ce6-cc11-4bb7-9143-e2fa74bf1100, ts:17-06-26 15:45 (1498506300000))
T SYNCH	17-06-26 19:48:16.985	Finished sample processing. Notifying observers. Sample bTime: 2017-06-26 15:40 (1498506000000); Sample eTime: 2017-06-26 15:45 (1498506300000).
T SYNCH	17-06-26 19:51:27.248	Publishing local queued time: 2017-06-26 15:45 (1498506300000).
T SYNCH	17-06-26 19:52:13.785	Received update event (member Address13, uuid:e4a09314-2416-4c57-bb6c-795772c8b704, ts:17-06-26 15:50 (1498506600000))
T SYNCH	17-06-26 19:52:13.785	Node Address11(Address7:80) last processed sample time 2017-06-26 15:45 (1498506300000) older than event time 2017-06-26 15:50 (1498506600000)
T SYNCH	17-06-26 19:52:13.785	A node has finished sample processing but observers will not be notified.isActive:false, alreadyRaised:false, clusterProcessedSample:false
T SYNCH	17-06-26 19:52:16.452	Received update event (member Address11, uuid:8112619b-9d58-4b76-8868-42b7dc963000, ts:17-06-26 15:50 (1498506600000))
T SYNCH	17-06-26 19:52:16.452	Node Address12(Address8:80) last processed sample time 2017-06-26 15:45 (1498506300000) older than event time 2017-06-26 15:50 (1498506600000)
T SYNCH	17-06-26 19:52:16.452	A node has finished sample processing but observers will not be notified.isActive:true, alreadyRaised:false, clusterProcessedSample:false
T SYNCH	17-06-26 19:52:20.961	Received update event (member Address14, uuid:7a5901f7-afcf-4c7e-a3b4-81aef47d878b, ts:17-06-26 15:50 (1498506600000))
T SYNCH	17-06-26 19:52:20.961	Node Address12(Address8:80) last processed sample time 2017-06-26 15:45 (1498506300000) older than event time 2017-06-26 15:50 (1498506600000)
T SYNCH	17-06-26 19:52:20.961	A node has finished sample processing but observers will not be notified.isActive:true, alreadyRaised:false, clusterProcessedSample:false
T SYNCH	17-06-26 19:53:00.399	Publishing sample processing finished. Sample bTime: 2017-06-26 15:45 (1498506300000); eTime: 2017-06-26 15:50 (1498506600000).
T SYNCH	17-06-26 19:53:00.399	Received update event (member Address10, uuid:c1c465ff-1501-4e52-85b9-e28842af535c, ts:17-06-26 15:50 (1498506600000))
T SYNCH	17-06-26 19:53:00.399	Node Address12(Address8:80) last processed sample time 2017-06-26 15:45 (1498506300000) older than event time 2017-06-26 15:50 (1498506600000)
T SYNCH	17-06-26 19:53:00.399	A node has finished sample processing but observers will not be notified.isActive:true, alreadyRaised:false, clusterProcessedSample:false
T SYNCH	17-06-26 19:53:27.403	Received update event (member Address12, uuid:bc7a1ce6-cc11-4bb7-9143-e2fa74bf1100, ts:17-06-26 15:50 (1498506600000))
T SYNCH	17-06-26 19:53:27.403	Finished sample processing. Notifying observers. Sample bTime: 2017-06-26 15:45 (1498506300000); Sample eTime: 2017-06-26 15:50 (1498506600000).
T SYNCH	17-06-26 19:56:58.197	Received update event (member Address13, uuid:e4a09314-2416-4c57-bb6c-795772c8b704, ts:17-06-26 15:55 (1498506900000))
T SYNCH	17-06-26 19:56:58.197	Node Address11(Address7:80) last processed sample time 2017-06-26 15:50 (1498506600000) older than event time 2017-06-26 15:55 (1498506900000)
T SYNCH	17-06-26 19:56:58.197	A node has finished sample processing but observers will not be notified.isActive:false, alreadyRaised:false, clusterProcessedSample:false
T SYNCH	17-06-26 19:57:54.203	Publishing sample processing finished. Sample bTime: 2017-06-26 15:50 (1498506600000); eTime: 2017-06-26 15:55 (1498506900000).
T SYNCH	17-06-26 19:57:54.266	Received update event (member Address10, uuid:c1c465ff-1501-4e52-85b9-e28842af535c, ts:17-06-26 15:55 (1498506900000))
T SYNCH	17-06-26 19:57:54.266	Node Address11(Address7:80) last processed sample time 2017-06-26 15:50 (1498506600000) older than event time 2017-06-26 15:55 (1498506900000)
T SYNCH	17-06-26 19:57:54.266	A node has finished sample processing but observers will not be notified.isActive:true, alreadyRaised:false, clusterProcessedSample:false
T SYNCH	17-06-26 19:58:14.733	Received update event (member Address11, uuid:8112619b-9d58-4b76-8868-42b7dc963000, ts:17-06-26 15:55 (1498506900000))
T SYNCH	17-06-26 19:58:14.733	Node Address12(Address8:80) last processed sample time 2017-06-26 15:50 (1498506600000) older than event time 2017-06-26 15:55 (1498506900000)
T SYNCH	17-06-26 19:58:14.733	A node has finished sample processing but observers will not be notified.isActive:true, alreadyRaised:false, clusterProcessedSample:false
T SYNCH	17-06-26 19:58:19.273	Received update event (member Address14, uuid:7a5901f7-afcf-4c7e-a3b4-81aef47d878b, ts:17-06-26 15:55 (1498506900000))
T SYNCH	17-06-26 19:58:19.273	Node Address12(Address8:80) last processed sample time 2017-06-26 15:50 (1498506600000) older than event time 2017-06-26 15:55 (1498506900000)
T SYNCH	17-06-26 19:58:19.273	A node has finished sample processing but observers will not be notified.isActive:true, alreadyRaised:false, clusterProcessedSample:false
T SYNCH	17-06-26 19:58:22.003	Received update event (member Address12, uuid:bc7a1ce6-cc11-4bb7-9143-e2fa74bf1100, ts:17-06-26 15:55 (1498506900000))
T SYNCH	17-06-26 19:58:22.003	Finished sample processing. Notifying observers. Sample bTime: 2017-06-26 15:50 (1498506600000); Sample eTime: 2017-06-26 15:55 (1498506900000).
T SYNCH	17-06-26 20:01:17.790	Publishing local queued time: 2017-06-26 15:55 (1498506900000).
T SYNCH	17-06-26 20:01:54.919	Received update event (member Address13, uuid:e4a09314-2416-4c57-bb6c-795772c8b704, ts:17-06-26 16:00 (1498507200000))
T SYNCH	17-06-26 20:01:54.919	Node Address11(Address7:80) last processed sample time 2017-06-26 15:55 (1498506900000) older than event time 2017-06-26 16:00 (1498507200000)
T SYNCH	17-06-26 20:01:54.919	A node has finished sample processing but observers will not be notified.isActive:false, alreadyRaised:false, clusterProcessedSample:false
T SYNCH	17-06-26 20:02:47.838	Publishing sample processing finished. Sample bTime: 2017-06-26 15:55 (1498506900000); eTime: 2017-06-26 16:00 (1498507200000).
T SYNCH	17-06-26 20:02:47.838	Received update event (member Address10, uuid:c1c465ff-1501-4e52-85b9-e28842af535c, ts:17-06-26 16:00 (1498507200000))
T SYNCH	17-06-26 20:02:47.838	Node Address11(Address7:80) last processed sample time 2017-06-26 15:55 (1498506900000) older than event time 2017-06-26 16:00 (1498507200000)
T SYNCH	17-06-26 20:02:47.838	A node has finished sample processing but observers will not be notified.isActive:true, alreadyRaised:false, clusterProcessedSample:false
T SYNCH	17-06-26 20:03:07.416	Received update event (member Address11, uuid:8112619b-9d58-4b76-8868-42b7dc963000, ts:17-06-26 16:00 (1498507200000))
T SYNCH	17-06-26 20:03:07.416	Node Address12(Address8:80) last processed sample time 2017-06-26 15:55 (1498506900000) older than event time 2017-06-26 16:00 (1498507200000)
T SYNCH	17-06-26 20:03:07.432	A node has finished sample processing but observers will not be notified.isActive:true, alreadyRaised:false, clusterProcessedSample:false
T SYNCH	17-06-26 20:03:12.346	Received update event (member Address14, uuid:7a5901f7-afcf-4c7e-a3b4-81aef47d878b, ts:17-06-26 16:00 (1498507200000))
T SYNCH	17-06-26 20:03:12.346	Node Address12(Address8:80) last processed sample time 2017-06-26 15:55 (1498506900000) older than event time 2017-06-26 16:00 (1498507200000)
T SYNCH	17-06-26 20:03:12.346	A node has finished sample processing but observers will not be notified.isActive:true, alreadyRaised:false, clusterProcessedSample:false
T SYNCH	17-06-26 20:03:14.437	Received update event (member Address12, uuid:bc7a1ce6-cc11-4bb7-9143-e2fa74bf1100, ts:17-06-26 16:00 (1498507200000))
T SYNCH	17-06-26 20:03:14.437	Finished sample processing. Notifying observers. Sample bTime: 2017-06-26 15:55 (1498506900000); Sample eTime: 2017-06-26 16:00 (1498507200000).
T SYNCH	17-06-26 20:06:26.120	Publishing local queued time: 2017-06-26 16:00 (1498507200000).
T SYNCH	17-06-26 20:07:02.844	Received update event (member Address13, uuid:e4a09314-2416-4c57-bb6c-795772c8b704, ts:17-06-26 16:05 (1498507500000))
T SYNCH	17-06-26 20:07:02.844	Node Address11(Address7:80) last processed sample time 2017-06-26 16:00 (1498507200000) older than event time 2017-06-26 16:05 (1498507500000)
T SYNCH	17-06-26 20:07:02.844	A node has finished sample processing but observers will not be notified.isActive:false, alreadyRaised:false, clusterProcessedSample:false
T SYNCH	17-06-26 20:07:19.349	Received update event (member Address14, uuid:7a5901f7-afcf-4c7e-a3b4-81aef47d878b, ts:17-06-26 16:05 (1498507500000))
T SYNCH	17-06-26 20:07:19.349	Node Address11(Address7:80) last processed sample time 2017-06-26 16:00 (1498507200000) older than event time 2017-06-26 16:05 (1498507500000)
T SYNCH	17-06-26 20:07:19.349	A node has finished sample processing but observers will not be notified.isActive:true, alreadyRaised:false, clusterProcessedSample:false
T SYNCH	17-06-26 20:07:55.152	Publishing sample processing finished. Sample bTime: 2017-06-26 16:00 (1498507200000); eTime: 2017-06-26 16:05 (1498507500000).
T SYNCH	17-06-26 20:07:55.152	Received update event (member Address10, uuid:c1c465ff-1501-4e52-85b9-e28842af535c, ts:17-06-26 16:05 (1498507500000))
T SYNCH	17-06-26 20:07:55.152	Node Address11(Address7:80) last processed sample time 2017-06-26 16:00 (1498507200000) older than event time 2017-06-26 16:05 (1498507500000)
T SYNCH	17-06-26 20:07:55.152	A node has finished sample processing but observers will not be notified.isActive:true, alreadyRaised:false, clusterProcessedSample:false
T SYNCH	17-06-26 20:08:14.731	Received update event (member Address11, uuid:8112619b-9d58-4b76-8868-42b7dc963000, ts:17-06-26 16:05 (1498507500000))
T SYNCH	17-06-26 20:08:14.731	Node Address12(Address8:80) last processed sample time 2017-06-26 16:00 (1498507200000) older than event time 2017-06-26 16:05 (1498507500000)
T SYNCH	17-06-26 20:08:14.731	A node has finished sample processing but observers will not be notified.isActive:true, alreadyRaised:false, clusterProcessedSample:false
T SYNCH	17-06-26 20:08:21.751	Received update event (member Address12, uuid:bc7a1ce6-cc11-4bb7-9143-e2fa74bf1100, ts:17-06-26 16:05 (1498507500000))
T SYNCH	17-06-26 20:08:21.751	Finished sample processing. Notifying observers. Sample bTime: 2017-06-26 16:00 (1498507200000); Sample eTime: 2017-06-26 16:05 (1498507500000).
T SYNCH	17-06-26 20:12:08.925	Received update event (member Address13, uuid:e4a09314-2416-4c57-bb6c-795772c8b704, ts:17-06-26 16:10 (1498507800000))
T SYNCH	17-06-26 20:12:08.925	Node Address11(Address7:80) last processed sample time 2017-06-26 16:05 (1498507500000) older than event time 2017-06-26 16:10 (1498507800000)
T SYNCH	17-06-26 20:12:08.925	A node has finished sample processing but observers will not be notified.isActive:false, alreadyRaised:false, clusterProcessedSample:false
T SYNCH	17-06-26 20:12:46.710	Publishing sample processing finished. Sample bTime: 2017-06-26 16:05 (1498507500000); eTime: 2017-06-26 16:10 (1498507800000).
T SYNCH	17-06-26 20:12:46.710	Received update event (member Address10, uuid:c1c465ff-1501-4e52-85b9-e28842af535c, ts:17-06-26 16:10 (1498507800000))
T SYNCH	17-06-26 20:12:46.710	Node Address11(Address7:80) last processed sample time 2017-06-26 16:05 (1498507500000) older than event time 2017-06-26 16:10 (1498507800000)
T SYNCH	17-06-26 20:12:46.710	A node has finished sample processing but observers will not be notified.isActive:true, alreadyRaised:false, clusterProcessedSample:false
T SYNCH	17-06-26 20:13:06.522	Received update event (member Address11, uuid:8112619b-9d58-4b76-8868-42b7dc963000, ts:17-06-26 16:10 (1498507800000))
T SYNCH	17-06-26 20:13:06.522	Node Address12(Address8:80) last processed sample time 2017-06-26 16:05 (1498507500000) older than event time 2017-06-26 16:10 (1498507800000)
T SYNCH	17-06-26 20:13:06.522	A node has finished sample processing but observers will not be notified.isActive:true, alreadyRaised:false, clusterProcessedSample:false
T SYNCH	17-06-26 20:13:11.281	Received update event (member Address14, uuid:7a5901f7-afcf-4c7e-a3b4-81aef47d878b, ts:17-06-26 16:10 (1498507800000))
T SYNCH	17-06-26 20:13:11.281	Node Address12(Address8:80) last processed sample time 2017-06-26 16:05 (1498507500000) older than event time 2017-06-26 16:10 (1498507800000)
T SYNCH	17-06-26 20:13:11.281	A node has finished sample processing but observers will not be notified.isActive:true, alreadyRaised:false, clusterProcessedSample:false
T SYNCH	17-06-26 20:13:28.644	Received update event (member Address12, uuid:bc7a1ce6-cc11-4bb7-9143-e2fa74bf1100, ts:17-06-26 16:10 (1498507800000))
T SYNCH	17-06-26 20:13:28.644	Finished sample processing. Notifying observers. Sample bTime: 2017-06-26 16:05 (1498507500000); Sample eTime: 2017-06-26 16:10 (1498507800000).
T SYNCH	17-06-26 20:16:23.964	Publishing local queued time: 2017-06-26 16:10 (1498507800000).
T ADM	17-07-09 03:58:55.608	DIAGNOSTIC 17.0.0 (build 2378)
T ADM	17-07-09 03:58:55.608	Central Analysis Server 17.0.0 (build 2378)
T ADM	17-07-09 03:58:55.608	DMIExtension - DMIComponents module 17.0.0 (build 2378)
T ADM	17-07-09 03:58:55.608	DMIExtension - RESTService module 17.0.0 (build 2378)
T ADM	17-07-09 03:58:55.608	DMIExtension - DataService module 17.0.0 (build 2378)
T ADM	17-07-09 03:58:55.608	Application : Central Analysis Server 17.0.0 (build 541)
T ADM	17-07-09 03:58:55.608	Machine : Hostname1; Address9
T ADM	17-07-09 03:58:55.608	OS : Windows Server 2008 R2 SP1(6.1) os.arch=amd64; os.name=Windows Server 2008 R2; os.version=6.1; 
T ADM	17-07-09 03:58:55.608	Java : java.runtime.name=Java(TM) SE Runtime Environment; java.vm.version=25.131-b11; java.vm.vendor=Oracle Corporation; java.vm.name=Java HotSpot(TM) 64-Bit Server VM; java.vm.specification.name=Java Virtual Machine Specification; java.runtime.version=1.8.0_131-b11; java.vm.specification.vendor=Oracle Corporation; java.vm.specification.version=1.8; java.vm.info=mixed mode; 
T ADM	17-07-09 03:58:55.608	Virtualization : VMWare
T ADM	17-07-09 03:58:55.608	Patches (F:\Program Files\Dynatrace\CAS\classes\CustomQueries):
	1	-	Ready	-	unblock probe modifications.jar
	2	-	Ready	-	Can probe handle data in frequency consistency detection.jar
	3	-	Ready	-	dictionary consistency fix pack v17.jar
?T ADM	17-07-09 03:58:55.624	Server time zone is America/New_York. Current offset -4 hours. tzdata ver : 2017a
T ADM	17-07-09 03:58:55.624	ND Core Base System 17.0.0 (build 2378)
T ADM	17-07-09 03:58:55.624	DIAGNOSTIC-CORE 17.0.0 (build 2378)
T ADM	17-07-09 03:58:55.624	DMI-BE 17.0.0 (build 2378)
T ADM	17-07-09 03:58:55.624	DMI-MW 17.0.0 (build 2378)
T ADM	17-07-09 03:58:55.624	DMI 17.0.0 (build 2378)
T ADM	17-07-09 03:58:55.624	DMI Application 17.0.0 (build 2378)
T ADM	17-07-09 03:58:55.624	TraceTrimmer 17.0.0 (build 2378)
T ADM	17-07-09 03:58:55.624	RTM Base System 17.0.0 (build 2378)
T ADM	17-07-09 03:58:55.624	Model 17.0.0 (build 2378)
T ADM	17-07-09 03:58:55.624	Agentless Monitoring 17.0.0 (build 2378)
T ADM	17-07-09 03:58:55.624	Network Forensics 17.0.0 (build 2378)
T ADM	17-07-09 03:58:55.624	DIAGNOSTIC 17.0.0 (build 2378)
T ADM	17-07-09 03:58:55.624	Central Analysis Server 17.0.0 (build 2378)
T ADM	17-07-09 03:58:55.624	DMIExtension - DMIComponents module 17.0.0 (build 2378)
T ADM	17-07-09 03:58:55.624	DMIExtension - RESTService module 17.0.0 (build 2378)
T ADM	17-07-09 03:58:55.624	DMIExtension - DataService module 17.0.0 (build 2378)
T ADM	17-07-09 03:58:55.624	Application : Central Analysis Server 17.0.0 (build 541)
T ADM	17-07-09 03:58:55.624	Machine : Hostname1; Address9
T ADM	17-07-09 03:58:55.624	OS : Windows Server 2008 R2 SP1(6.1) os.arch=amd64; os.name=Windows Server 2008 R2; os.version=6.1; 
T ADM	17-07-09 03:58:55.624	Java : java.runtime.name=Java(TM) SE Runtime Environment; java.vm.version=25.131-b11; java.vm.vendor=Oracle Corporation; java.vm.name=Java HotSpot(TM) 64-Bit Server VM; java.vm.specification.name=Java Virtual Machine Specification; java.runtime.version=1.8.0_131-b11; java.vm.specification.vendor=Oracle Corporation; java.vm.specification.version=1.8; java.vm.info=mixed mode; 
T ADM	17-07-09 03:58:55.624	Virtualization : VMWare
T ADM	17-07-09 03:58:55.624	Patches (F:\Program Files\Dynatrace\CAS\classes\CustomQueries):
	1	-	Ready	-	unblock probe modifications.jar
	2	-	Ready	-	Can probe handle data in frequency consistency detection.jar
	3	-	Ready	-	dictionary consistency fix pack v17.jar
?T ADM	17-07-09 03:58:55.640	Server time zone is America/New_York. Current offset -4 hours. tzdata ver : 2017a
T ADM	17-07-09 03:58:55.640	ND Core Base System 17.0.0 (build 2378)
T ADM	17-07-09 03:58:55.640	DIAGNOSTIC-CORE 17.0.0 (build 2378)
T ADM	17-07-09 03:58:55.640	DMI-BE 17.0.0 (build 2378)
T ADM	17-07-09 03:58:55.640	DMI-MW 17.0.0 (build 2378)
T ADM	17-07-09 03:58:55.640	DMI 17.0.0 (build 2378)
T ADM	17-07-09 03:58:55.640	DMI Application 17.0.0 (build 2378)
T ADM	17-07-09 03:58:55.640	TraceTrimmer 17.0.0 (build 2378)
T ADM	17-07-09 03:58:55.640	RTM Base System 17.0.0 (build 2378)
T ADM	17-07-09 03:58:55.640	Model 17.0.0 (build 2378)
T ADM	17-07-09 03:58:55.640	Agentless Monitoring 17.0.0 (build 2378)
