This keylist was created at 10/07/17 4:07:50 PM.

Name                           Value                                                                                                              
----                           -----                                                                                                              
Address9                       133.27.18.129                                                                                                      
Address7                       133.27.24.26                                                                                                       
Address5                       10.97.96.21                                                                                                        
Hostname2                      LOUSQLWPS491                                                                                                       
Address4                       10.97.96.24                                                                                                        
Address2                       193.91.193.188                                                                                                     
Address10                      LOUAPPWPS908.rsc.humad.com                                                                                         
Address3                       193.91.193.44                                                                                                      
Address1                       10.97.96.23                                                                                                        
Hostname1                      LOUAPPWPS908                                                                                                       
Address13                      LOUAPPWPS1458                                                                                                      
Address11                      LOUAPPWPS1459                                                                                                      
Address8                       133.27.24.27                                                                                                       
Address6                       193.91.193.209                                                                                                     
Address12                      LOUAPPWPS1460                                                                                                      
Address14                      LOUAPPWPS1461                                                                                                      


List of files using this Key:
10/07/17 4:07:50 PM - C:\Users\michael.ball\proj\strippy\tests\test.log.1.sanitised.in

